META,n=169343,nnz=2315598,d=128,threads=1,sort_ms=9.60016,group_rows=16,variant=legacy,replay_steps=16,ctiles=4,pack=memcpy
ERROR,path=aggregate_first,max_abs=0.0192678,rel_l2=0.00162195
ERROR,path=fused_amx,max_abs=5.48363e-05,rel_l2=5.03932e-07
RESULT,path=aggregate_first,repeat=0,prep_ms=7.19482,sparse_ms=85.1282,dense_ms=21.8931,epilogue_ms=12.8259,total_ms=127.042
RESULT,path=transform_first,repeat=0,prep_ms=7.1609,sparse_ms=105.886,dense_ms=21.7261,epilogue_ms=0,total_ms=134.773
RESULT,path=fused_amx,repeat=0,prep_ms=7.14898,sparse_ms=189.261,dense_ms=0,epilogue_ms=0,total_ms=196.41
RESULT,path=aggregate_first,repeat=1,prep_ms=7.19897,sparse_ms=84.6658,dense_ms=21.7371,epilogue_ms=12.9951,total_ms=126.597
RESULT,path=transform_first,repeat=1,prep_ms=7.14493,sparse_ms=105.886,dense_ms=21.8011,epilogue_ms=0,total_ms=134.832
RESULT,path=fused_amx,repeat=1,prep_ms=7.14707,sparse_ms=189.22,dense_ms=0,epilogue_ms=0,total_ms=196.367
RESULT,path=aggregate_first,repeat=2,prep_ms=7.16797,sparse_ms=84.78,dense_ms=21.759,epilogue_ms=12.7969,total_ms=126.504
RESULT,path=transform_first,repeat=2,prep_ms=7.18117,sparse_ms=105.835,dense_ms=21.8188,epilogue_ms=0,total_ms=134.835
RESULT,path=fused_amx,repeat=2,prep_ms=7.13801,sparse_ms=189.37,dense_ms=0,epilogue_ms=0,total_ms=196.508
RESULT,path=aggregate_first,repeat=3,prep_ms=7.17212,sparse_ms=84.7258,dense_ms=21.791,epilogue_ms=12.8101,total_ms=126.499
RESULT,path=transform_first,repeat=3,prep_ms=7.164,sparse_ms=106.283,dense_ms=21.7572,epilogue_ms=0,total_ms=135.204
RESULT,path=fused_amx,repeat=3,prep_ms=7.14707,sparse_ms=189.204,dense_ms=0,epilogue_ms=0,total_ms=196.351
RESULT,path=aggregate_first,repeat=4,prep_ms=7.19897,sparse_ms=84.823,dense_ms=21.9019,epilogue_ms=12.8152,total_ms=126.739
RESULT,path=transform_first,repeat=4,prep_ms=7.14612,sparse_ms=105.796,dense_ms=21.8808,epilogue_ms=0,total_ms=134.823
RESULT,path=fused_amx,repeat=4,prep_ms=7.14898,sparse_ms=189.313,dense_ms=0,epilogue_ms=0,total_ms=196.462
RESULT,path=aggregate_first,repeat=5,prep_ms=7.18408,sparse_ms=84.7578,dense_ms=21.717,epilogue_ms=12.7522,total_ms=126.411
RESULT,path=transform_first,repeat=5,prep_ms=7.14993,sparse_ms=105.871,dense_ms=21.9869,epilogue_ms=0,total_ms=135.008
RESULT,path=fused_amx,repeat=5,prep_ms=7.14493,sparse_ms=189.749,dense_ms=0,epilogue_ms=0,total_ms=196.894
RESULT,path=aggregate_first,repeat=6,prep_ms=7.18213,sparse_ms=84.7439,dense_ms=21.728,epilogue_ms=12.8118,total_ms=126.466
RESULT,path=transform_first,repeat=6,prep_ms=7.14612,sparse_ms=105.883,dense_ms=21.7898,epilogue_ms=0,total_ms=134.819
RESULT,path=fused_amx,repeat=6,prep_ms=7.15494,sparse_ms=189.377,dense_ms=0,epilogue_ms=0,total_ms=196.532
