META,n=169343,nnz=2315598,d=128,threads=1,sort_ms=9.77302,group_rows=16,variant=replay,replay_steps=4,ctiles=4,pack=avx
ERROR,path=aggregate_first,max_abs=0.0192678,rel_l2=0.00162195
ERROR,path=fused_amx,max_abs=2.95639e-05,rel_l2=2.60339e-07
RESULT,path=aggregate_first,repeat=0,prep_ms=7.20215,sparse_ms=85.0112,dense_ms=21.8767,epilogue_ms=12.855,total_ms=126.945
RESULT,path=transform_first,repeat=0,prep_ms=7.14111,sparse_ms=105.782,dense_ms=21.8271,epilogue_ms=0,total_ms=134.75
RESULT,path=fused_amx,repeat=0,prep_ms=7.13897,sparse_ms=213.1,dense_ms=0,epilogue_ms=0,total_ms=220.239
RESULT,path=aggregate_first,repeat=1,prep_ms=7.18091,sparse_ms=84.666,dense_ms=21.9199,epilogue_ms=13.0862,total_ms=126.853
RESULT,path=transform_first,repeat=1,prep_ms=7.14087,sparse_ms=105.724,dense_ms=21.897,epilogue_ms=0,total_ms=134.762
RESULT,path=fused_amx,repeat=1,prep_ms=7.14898,sparse_ms=213.863,dense_ms=0,epilogue_ms=0,total_ms=221.012
RESULT,path=aggregate_first,repeat=2,prep_ms=7.17896,sparse_ms=84.665,dense_ms=21.8489,epilogue_ms=12.8562,total_ms=126.549
RESULT,path=transform_first,repeat=2,prep_ms=7.14493,sparse_ms=105.889,dense_ms=21.749,epilogue_ms=0,total_ms=134.783
RESULT,path=fused_amx,repeat=2,prep_ms=7.13205,sparse_ms=213.913,dense_ms=0,epilogue_ms=0,total_ms=221.045
RESULT,path=aggregate_first,repeat=3,prep_ms=7.17798,sparse_ms=84.637,dense_ms=21.9031,epilogue_ms=12.5688,total_ms=126.287
RESULT,path=transform_first,repeat=3,prep_ms=7.14803,sparse_ms=105.964,dense_ms=21.9989,epilogue_ms=0,total_ms=135.111
RESULT,path=fused_amx,repeat=3,prep_ms=7.15089,sparse_ms=213.798,dense_ms=0,epilogue_ms=0,total_ms=220.949
RESULT,path=aggregate_first,repeat=4,prep_ms=7.17798,sparse_ms=84.7141,dense_ms=21.9041,epilogue_ms=12.866,total_ms=126.662
RESULT,path=transform_first,repeat=4,prep_ms=7.14588,sparse_ms=105.891,dense_ms=21.8671,epilogue_ms=0,total_ms=134.904
RESULT,path=fused_amx,repeat=4,prep_ms=7.14493,sparse_ms=214.199,dense_ms=0,epilogue_ms=0,total_ms=221.344
RESULT,path=aggregate_first,repeat=5,prep_ms=7.13281,sparse_ms=84.7222,dense_ms=21.8521,epilogue_ms=12.8508,total_ms=126.558
RESULT,path=transform_first,repeat=5,prep_ms=7.14302,sparse_ms=106.174,dense_ms=22.094,epilogue_ms=0,total_ms=135.411
RESULT,path=fused_amx,repeat=5,prep_ms=7.1311,sparse_ms=213.009,dense_ms=0,epilogue_ms=0,total_ms=220.14
RESULT,path=aggregate_first,repeat=6,prep_ms=7.17603,sparse_ms=84.6682,dense_ms=21.8938,epilogue_ms=12.5591,total_ms=126.297
RESULT,path=transform_first,repeat=6,prep_ms=7.14207,sparse_ms=105.821,dense_ms=21.8761,epilogue_ms=0,total_ms=134.839
RESULT,path=fused_amx,repeat=6,prep_ms=7.15399,sparse_ms=213.711,dense_ms=0,epilogue_ms=0,total_ms=220.865
