META,n=169343,nnz=2315598,d=128,threads=1,sort_ms=9.66907,group_rows=16,variant=replay,replay_steps=4,ctiles=6,pack=kblock
ERROR,path=aggregate_first,max_abs=0.0192678,rel_l2=0.00162195
ERROR,path=fused_amx,max_abs=2.95639e-05,rel_l2=2.60339e-07
RESULT,path=aggregate_first,repeat=0,prep_ms=7.18018,sparse_ms=85.0378,dense_ms=21.739,epilogue_ms=12.825,total_ms=126.782
RESULT,path=transform_first,repeat=0,prep_ms=7.14302,sparse_ms=106.984,dense_ms=21.928,epilogue_ms=0,total_ms=136.055
RESULT,path=fused_amx,repeat=0,prep_ms=7.14111,sparse_ms=213.92,dense_ms=0,epilogue_ms=0,total_ms=221.061
RESULT,path=aggregate_first,repeat=1,prep_ms=7.18384,sparse_ms=84.7651,dense_ms=22.0769,epilogue_ms=12.8281,total_ms=126.854
RESULT,path=transform_first,repeat=1,prep_ms=7.15804,sparse_ms=106.977,dense_ms=21.874,epilogue_ms=0,total_ms=136.009
RESULT,path=fused_amx,repeat=1,prep_ms=7.13611,sparse_ms=215.018,dense_ms=0,epilogue_ms=0,total_ms=222.154
RESULT,path=aggregate_first,repeat=2,prep_ms=7.18994,sparse_ms=84.7361,dense_ms=21.8308,epilogue_ms=12.8223,total_ms=126.579
RESULT,path=transform_first,repeat=2,prep_ms=7.16186,sparse_ms=107.007,dense_ms=21.8889,epilogue_ms=0,total_ms=136.058
RESULT,path=fused_amx,repeat=2,prep_ms=7.13801,sparse_ms=214.814,dense_ms=0,epilogue_ms=0,total_ms=221.952
RESULT,path=aggregate_first,repeat=3,prep_ms=7.19385,sparse_ms=84.7878,dense_ms=21.7532,epilogue_ms=13.1069,total_ms=126.842
RESULT,path=transform_first,repeat=3,prep_ms=7.15184,sparse_ms=106.979,dense_ms=21.8273,epilogue_ms=0,total_ms=135.958
RESULT,path=fused_amx,repeat=3,prep_ms=7.13897,sparse_ms=214.952,dense_ms=0,epilogue_ms=0,total_ms=222.091
RESULT,path=aggregate_first,repeat=4,prep_ms=7.17627,sparse_ms=84.8137,dense_ms=21.625,epilogue_ms=12.7502,total_ms=126.365
RESULT,path=transform_first,repeat=4,prep_ms=7.15685,sparse_ms=107.069,dense_ms=21.913,epilogue_ms=0,total_ms=136.139
RESULT,path=fused_amx,repeat=4,prep_ms=7.14493,sparse_ms=214.518,dense_ms=0,epilogue_ms=0,total_ms=221.663
RESULT,path=aggregate_first,repeat=5,prep_ms=7.18799,sparse_ms=84.77,dense_ms=21.7231,epilogue_ms=12.8237,total_ms=126.505
RESULT,path=transform_first,repeat=5,prep_ms=7.15399,sparse_ms=106.906,dense_ms=22.2762,epilogue_ms=0,total_ms=136.336
RESULT,path=fused_amx,repeat=5,prep_ms=7.14517,sparse_ms=214.858,dense_ms=0,epilogue_ms=0,total_ms=222.003
RESULT,path=aggregate_first,repeat=6,prep_ms=7.18213,sparse_ms=84.7241,dense_ms=21.738,epilogue_ms=12.824,total_ms=126.468
RESULT,path=transform_first,repeat=6,prep_ms=7.15089,sparse_ms=106.992,dense_ms=21.8601,epilogue_ms=0,total_ms=136.003
RESULT,path=fused_amx,repeat=6,prep_ms=7.14993,sparse_ms=214.758,dense_ms=0,epilogue_ms=0,total_ms=221.908
