META,n=169343,nnz=2315598,d=128,threads=32,sort_ms=9.69696,group_rows=16,variant=replay,replay_steps=4,ctiles=4,pack=avx
ERROR,path=aggregate_first,max_abs=0.0192678,rel_l2=0.00162195
ERROR,path=fused_amx,max_abs=2.95639e-05,rel_l2=2.60339e-07
RESULT,path=aggregate_first,repeat=0,prep_ms=0.288086,sparse_ms=2.18799,dense_ms=0.975098,epilogue_ms=0.548828,total_ms=4
RESULT,path=transform_first,repeat=0,prep_ms=0.570059,sparse_ms=3.65015,dense_ms=0.91995,epilogue_ms=0,total_ms=5.14016
RESULT,path=fused_amx,repeat=0,prep_ms=0.314951,sparse_ms=18.3951,dense_ms=0,epilogue_ms=0,total_ms=18.7101
RESULT,path=aggregate_first,repeat=1,prep_ms=0.298096,sparse_ms=2.23804,dense_ms=0.999023,epilogue_ms=0.566895,total_ms=4.10205
RESULT,path=transform_first,repeat=1,prep_ms=0.578165,sparse_ms=3.63989,dense_ms=0.907,epilogue_ms=0,total_ms=5.12506
RESULT,path=fused_amx,repeat=1,prep_ms=0.30899,sparse_ms=18.8561,dense_ms=0,epilogue_ms=0,total_ms=19.1651
RESULT,path=aggregate_first,repeat=2,prep_ms=0.285156,sparse_ms=2.1958,dense_ms=0.964355,epilogue_ms=0.57373,total_ms=4.01904
RESULT,path=transform_first,repeat=2,prep_ms=0.577927,sparse_ms=3.62012,dense_ms=0.890041,epilogue_ms=0,total_ms=5.08809
RESULT,path=fused_amx,repeat=2,prep_ms=0.325918,sparse_ms=19.365,dense_ms=0,epilogue_ms=0,total_ms=19.6909
RESULT,path=aggregate_first,repeat=3,prep_ms=0.321777,sparse_ms=2.21802,dense_ms=0.981201,epilogue_ms=0.570801,total_ms=4.0918
RESULT,path=transform_first,repeat=3,prep_ms=0.590086,sparse_ms=3.66992,dense_ms=0.908817,epilogue_ms=0,total_ms=5.16883
RESULT,path=fused_amx,repeat=3,prep_ms=0.310183,sparse_ms=18.6038,dense_ms=0,epilogue_ms=0,total_ms=18.914
RESULT,path=aggregate_first,repeat=4,prep_ms=0.289307,sparse_ms=2.18481,dense_ms=0.974121,epilogue_ms=0.539062,total_ms=3.9873
RESULT,path=transform_first,repeat=4,prep_ms=0.584126,sparse_ms=3.6521,dense_ms=0.877903,epilogue_ms=0,total_ms=5.11413
RESULT,path=fused_amx,repeat=4,prep_ms=0.323057,sparse_ms=19.3379,dense_ms=0,epilogue_ms=0,total_ms=19.6609
RESULT,path=aggregate_first,repeat=5,prep_ms=0.298096,sparse_ms=2.21606,dense_ms=0.992188,epilogue_ms=0.571777,total_ms=4.07812
RESULT,path=transform_first,repeat=5,prep_ms=0.596046,sparse_ms=3.66089,dense_ms=0.917995,epilogue_ms=0,total_ms=5.17493
RESULT,path=fused_amx,repeat=5,prep_ms=0.308037,sparse_ms=18.681,dense_ms=0,epilogue_ms=0,total_ms=18.9891
RESULT,path=aggregate_first,repeat=6,prep_ms=0.287842,sparse_ms=2.18896,dense_ms=1.00806,epilogue_ms=0.521973,total_ms=4.00684
RESULT,path=transform_first,repeat=6,prep_ms=0.559092,sparse_ms=3.66309,dense_ms=0.87089,epilogue_ms=0,total_ms=5.09307
RESULT,path=fused_amx,repeat=6,prep_ms=0.322104,sparse_ms=18.9608,dense_ms=0,epilogue_ms=0,total_ms=19.283
