META,n=169343,nnz=2315598,d=128,threads=32,sort_ms=9.68719,group_rows=16,variant=legacy,replay_steps=16,ctiles=4,pack=memcpy
ERROR,path=aggregate_first,max_abs=0.0192678,rel_l2=0.00162195
ERROR,path=fused_amx,max_abs=5.48363e-05,rel_l2=5.03932e-07
RESULT,path=aggregate_first,repeat=0,prep_ms=0.301025,sparse_ms=2.22192,dense_ms=0.972168,epilogue_ms=0.552734,total_ms=4.04785
RESULT,path=transform_first,repeat=0,prep_ms=0.633001,sparse_ms=4.04712,dense_ms=0.879921,epilogue_ms=0,total_ms=5.56004
RESULT,path=fused_amx,repeat=0,prep_ms=0.372887,sparse_ms=14.907,dense_ms=0,epilogue_ms=0,total_ms=15.2799
RESULT,path=aggregate_first,repeat=1,prep_ms=0.300049,sparse_ms=2.22095,dense_ms=0.963135,epilogue_ms=0.57373,total_ms=4.05786
RESULT,path=transform_first,repeat=1,prep_ms=0.643015,sparse_ms=3.66675,dense_ms=0.918205,epilogue_ms=0,total_ms=5.22797
RESULT,path=fused_amx,repeat=1,prep_ms=0.31209,sparse_ms=15.0851,dense_ms=0,epilogue_ms=0,total_ms=15.3971
RESULT,path=aggregate_first,repeat=2,prep_ms=0.300049,sparse_ms=2.21997,dense_ms=0.984131,epilogue_ms=0.572021,total_ms=4.07617
RESULT,path=transform_first,repeat=2,prep_ms=0.648975,sparse_ms=3.63794,dense_ms=0.92804,epilogue_ms=0,total_ms=5.21495
RESULT,path=fused_amx,repeat=2,prep_ms=0.313997,sparse_ms=15.0391,dense_ms=0,epilogue_ms=0,total_ms=15.3531
RESULT,path=aggregate_first,repeat=3,prep_ms=0.303955,sparse_ms=2.22998,dense_ms=0.986084,epilogue_ms=0.5979,total_ms=4.11792
RESULT,path=transform_first,repeat=3,prep_ms=0.653028,sparse_ms=3.43896,dense_ms=0.940931,epilogue_ms=0,total_ms=5.03292
RESULT,path=fused_amx,repeat=3,prep_ms=0.313997,sparse_ms=14.8681,dense_ms=0,epilogue_ms=0,total_ms=15.1821
RESULT,path=aggregate_first,repeat=4,prep_ms=0.302246,sparse_ms=2.2417,dense_ms=0.968018,epilogue_ms=0.592041,total_ms=4.104
RESULT,path=transform_first,repeat=4,prep_ms=0.636101,sparse_ms=3.64282,dense_ms=0.943043,epilogue_ms=0,total_ms=5.22197
RESULT,path=fused_amx,repeat=4,prep_ms=0.313044,sparse_ms=15.2298,dense_ms=0,epilogue_ms=0,total_ms=15.5429
RESULT,path=aggregate_first,repeat=5,prep_ms=0.305176,sparse_ms=2.2229,dense_ms=0.963135,epilogue_ms=0.596924,total_ms=4.08813
RESULT,path=transform_first,repeat=5,prep_ms=0.634909,sparse_ms=3.66724,dense_ms=0.900982,epilogue_ms=0,total_ms=5.20313
RESULT,path=fused_amx,repeat=5,prep_ms=0.310898,sparse_ms=15.325,dense_ms=0,epilogue_ms=0,total_ms=15.6359
RESULT,path=aggregate_first,repeat=6,prep_ms=0.304932,sparse_ms=2.2251,dense_ms=0.98584,epilogue_ms=0.562012,total_ms=4.07788
RESULT,path=transform_first,repeat=6,prep_ms=0.641108,sparse_ms=3.6792,dense_ms=0.890877,epilogue_ms=0,total_ms=5.21118
RESULT,path=fused_amx,repeat=6,prep_ms=0.313997,sparse_ms=14.75,dense_ms=0,epilogue_ms=0,total_ms=15.064
