META,n=169343,nnz=2315598,d=128,threads=32,sort_ms=9.70197,group_rows=16,variant=replay,replay_steps=4,ctiles=6,pack=kblock
ERROR,path=aggregate_first,max_abs=0.0192678,rel_l2=0.00162195
ERROR,path=fused_amx,max_abs=2.95639e-05,rel_l2=2.60339e-07
RESULT,path=aggregate_first,repeat=0,prep_ms=0.300781,sparse_ms=2.20898,dense_ms=0.967041,epilogue_ms=0.52002,total_ms=3.99683
RESULT,path=transform_first,repeat=0,prep_ms=0.554085,sparse_ms=3.64111,dense_ms=0.875866,epilogue_ms=0,total_ms=5.07106
RESULT,path=fused_amx,repeat=0,prep_ms=0.322819,sparse_ms=18.702,dense_ms=0,epilogue_ms=0,total_ms=19.0248
RESULT,path=aggregate_first,repeat=1,prep_ms=0.303955,sparse_ms=2.23315,dense_ms=0.97583,epilogue_ms=0.548096,total_ms=4.06104
RESULT,path=transform_first,repeat=1,prep_ms=0.603914,sparse_ms=3.64307,dense_ms=0.888102,epilogue_ms=0,total_ms=5.13508
RESULT,path=fused_amx,repeat=1,prep_ms=0.319958,sparse_ms=19.224,dense_ms=0,epilogue_ms=0,total_ms=19.544
RESULT,path=aggregate_first,repeat=2,prep_ms=0.301025,sparse_ms=2.18091,dense_ms=0.964111,epilogue_ms=0.540039,total_ms=3.98608
RESULT,path=transform_first,repeat=2,prep_ms=0.561953,sparse_ms=3.98877,dense_ms=0.890137,epilogue_ms=0,total_ms=5.44086
RESULT,path=fused_amx,repeat=2,prep_ms=0.380039,sparse_ms=18.812,dense_ms=0,epilogue_ms=0,total_ms=19.192
RESULT,path=aggregate_first,repeat=3,prep_ms=0.309082,sparse_ms=2.21289,dense_ms=0.977051,epilogue_ms=0.549072,total_ms=4.0481
RESULT,path=transform_first,repeat=3,prep_ms=0.576973,sparse_ms=3.63208,dense_ms=0.939821,epilogue_ms=0,total_ms=5.14887
RESULT,path=fused_amx,repeat=3,prep_ms=0.313044,sparse_ms=19.2741,dense_ms=0,epilogue_ms=0,total_ms=19.5871
RESULT,path=aggregate_first,repeat=4,prep_ms=0.302002,sparse_ms=2.20312,dense_ms=0.958008,epilogue_ms=0.524902,total_ms=3.98804
RESULT,path=transform_first,repeat=4,prep_ms=0.565052,sparse_ms=3.65796,dense_ms=0.85195,epilogue_ms=0,total_ms=5.07496
RESULT,path=fused_amx,repeat=4,prep_ms=0.329018,sparse_ms=19.0789,dense_ms=0,epilogue_ms=0,total_ms=19.408
RESULT,path=aggregate_first,repeat=5,prep_ms=0.302979,sparse_ms=2.22705,dense_ms=0.97876,epilogue_ms=0.51416,total_ms=4.02295
RESULT,path=transform_first,repeat=5,prep_ms=0.594139,sparse_ms=3.65503,dense_ms=0.900991,epilogue_ms=0,total_ms=5.15016
RESULT,path=fused_amx,repeat=5,prep_ms=0.314951,sparse_ms=18.744,dense_ms=0,epilogue_ms=0,total_ms=19.0589
RESULT,path=aggregate_first,repeat=6,prep_ms=0.300049,sparse_ms=2.198,dense_ms=0.958984,epilogue_ms=0.513916,total_ms=3.97095
RESULT,path=transform_first,repeat=6,prep_ms=0.571966,sparse_ms=3.6272,dense_ms=0.848917,epilogue_ms=0,total_ms=5.04808
RESULT,path=fused_amx,repeat=6,prep_ms=0.316858,sparse_ms=19.0001,dense_ms=0,epilogue_ms=0,total_ms=19.3169
