META,n=169343,nnz=2315598,d=128,threads=8,sort_ms=9.63593,group_rows=16,variant=legacy,replay_steps=16,ctiles=4,pack=memcpy
ERROR,path=aggregate_first,max_abs=0.0192678,rel_l2=0.00162195
ERROR,path=fused_amx,max_abs=5.48363e-05,rel_l2=5.03932e-07
RESULT,path=aggregate_first,repeat=0,prep_ms=1.07812,sparse_ms=10.345,dense_ms=2.90918,epilogue_ms=1.698,total_ms=16.0303
RESULT,path=transform_first,repeat=0,prep_ms=1.12391,sparse_ms=13.2478,dense_ms=2.842,epilogue_ms=0,total_ms=17.2137
RESULT,path=fused_amx,repeat=0,prep_ms=1.08504,sparse_ms=31.5921,dense_ms=0,epilogue_ms=0,total_ms=32.6771
RESULT,path=aggregate_first,repeat=1,prep_ms=1.07104,sparse_ms=10.3679,dense_ms=2.85693,epilogue_ms=1.67603,total_ms=15.9719
RESULT,path=transform_first,repeat=1,prep_ms=1.12009,sparse_ms=13.2371,dense_ms=2.87478,epilogue_ms=0,total_ms=17.2319
RESULT,path=fused_amx,repeat=1,prep_ms=1.09005,sparse_ms=30.7058,dense_ms=0,epilogue_ms=0,total_ms=31.7959
RESULT,path=aggregate_first,repeat=2,prep_ms=1.08496,sparse_ms=10.345,dense_ms=2.84692,epilogue_ms=1.66528,total_ms=15.9421
RESULT,path=transform_first,repeat=2,prep_ms=1.122,sparse_ms=13.2668,dense_ms=2.87807,epilogue_ms=0,total_ms=17.2669
RESULT,path=fused_amx,repeat=2,prep_ms=1.091,sparse_ms=30.7168,dense_ms=0,epilogue_ms=0,total_ms=31.8078
RESULT,path=aggregate_first,repeat=3,prep_ms=1.09399,sparse_ms=10.3743,dense_ms=2.88477,epilogue_ms=1.67603,total_ms=16.0291
RESULT,path=transform_first,repeat=3,prep_ms=1.127,sparse_ms=13.2498,dense_ms=2.88807,epilogue_ms=0,total_ms=17.2648
RESULT,path=fused_amx,repeat=3,prep_ms=1.08099,sparse_ms=31.6881,dense_ms=0,epilogue_ms=0,total_ms=32.7691
RESULT,path=aggregate_first,repeat=4,prep_ms=1.06787,sparse_ms=10.365,dense_ms=2.88794,epilogue_ms=1.68433,total_ms=16.0051
RESULT,path=transform_first,repeat=4,prep_ms=1.122,sparse_ms=13.2791,dense_ms=2.88198,epilogue_ms=0,total_ms=17.283
RESULT,path=fused_amx,repeat=4,prep_ms=1.07503,sparse_ms=30.7278,dense_ms=0,epilogue_ms=0,total_ms=31.8028
RESULT,path=aggregate_first,repeat=5,prep_ms=1.07495,sparse_ms=10.3472,dense_ms=2.88794,epilogue_ms=1.69214,total_ms=16.0022
RESULT,path=transform_first,repeat=5,prep_ms=1.12295,sparse_ms=13.2151,dense_ms=2.88396,epilogue_ms=0,total_ms=17.222
RESULT,path=fused_amx,repeat=5,prep_ms=1.08004,sparse_ms=31.619,dense_ms=0,epilogue_ms=0,total_ms=32.6991
RESULT,path=aggregate_first,repeat=6,prep_ms=1.07617,sparse_ms=10.355,dense_ms=2.89673,epilogue_ms=1.66211,total_ms=15.99
RESULT,path=transform_first,repeat=6,prep_ms=1.13416,sparse_ms=13.2659,dense_ms=2.83998,epilogue_ms=0,total_ms=17.24
RESULT,path=fused_amx,repeat=6,prep_ms=1.08409,sparse_ms=29.6959,dense_ms=0,epilogue_ms=0,total_ms=30.78
