META,n=169343,nnz=2315598,d=128,threads=8,sort_ms=9.60588,group_rows=16,variant=replay,replay_steps=4,ctiles=4,pack=avx
ERROR,path=aggregate_first,max_abs=0.0192678,rel_l2=0.00162195
ERROR,path=fused_amx,max_abs=2.95639e-05,rel_l2=2.60339e-07
RESULT,path=aggregate_first,repeat=0,prep_ms=1.06689,sparse_ms=10.3882,dense_ms=2.85791,epilogue_ms=1.70801,total_ms=16.021
RESULT,path=transform_first,repeat=0,prep_ms=1.12295,sparse_ms=13.438,dense_ms=2.85799,epilogue_ms=0,total_ms=17.4189
RESULT,path=fused_amx,repeat=0,prep_ms=1.09816,sparse_ms=37.8279,dense_ms=0,epilogue_ms=0,total_ms=38.9261
RESULT,path=aggregate_first,repeat=1,prep_ms=1.07275,sparse_ms=10.3711,dense_ms=2.88086,epilogue_ms=1.67627,total_ms=16.001
RESULT,path=transform_first,repeat=1,prep_ms=1.11198,sparse_ms=13.4651,dense_ms=2.85001,epilogue_ms=0,total_ms=17.4271
RESULT,path=fused_amx,repeat=1,prep_ms=1.09291,sparse_ms=37.7053,dense_ms=0,epilogue_ms=0,total_ms=38.7982
RESULT,path=aggregate_first,repeat=2,prep_ms=1.07593,sparse_ms=10.356,dense_ms=2.90601,epilogue_ms=1.67188,total_ms=16.0098
RESULT,path=transform_first,repeat=2,prep_ms=1.11723,sparse_ms=13.437,dense_ms=2.86784,epilogue_ms=0,total_ms=17.4221
RESULT,path=fused_amx,repeat=2,prep_ms=1.091,sparse_ms=34.374,dense_ms=0,epilogue_ms=0,total_ms=35.465
RESULT,path=aggregate_first,repeat=3,prep_ms=1.07007,sparse_ms=10.3711,dense_ms=2.86011,epilogue_ms=1.67896,total_ms=15.9802
RESULT,path=transform_first,repeat=3,prep_ms=1.12009,sparse_ms=13.4429,dense_ms=2.8639,epilogue_ms=0,total_ms=17.4269
RESULT,path=fused_amx,repeat=3,prep_ms=1.07908,sparse_ms=36.8068,dense_ms=0,epilogue_ms=0,total_ms=37.8859
RESULT,path=aggregate_first,repeat=4,prep_ms=1.06104,sparse_ms=10.386,dense_ms=2.85791,epilogue_ms=1.66626,total_ms=15.9712
RESULT,path=transform_first,repeat=4,prep_ms=1.10793,sparse_ms=13.4409,dense_ms=2.87093,epilogue_ms=0,total_ms=17.4198
RESULT,path=fused_amx,repeat=4,prep_ms=1.10006,sparse_ms=37.2988,dense_ms=0,epilogue_ms=0,total_ms=38.3989
RESULT,path=aggregate_first,repeat=5,prep_ms=1.07104,sparse_ms=10.3689,dense_ms=2.88696,epilogue_ms=1.67822,total_ms=16.0051
RESULT,path=transform_first,repeat=5,prep_ms=1.11508,sparse_ms=13.4512,dense_ms=2.89797,epilogue_ms=0,total_ms=17.4642
RESULT,path=fused_amx,repeat=5,prep_ms=1.09982,sparse_ms=38.4139,dense_ms=0,epilogue_ms=0,total_ms=39.5137
RESULT,path=aggregate_first,repeat=6,prep_ms=1.07812,sparse_ms=10.3579,dense_ms=2.89819,epilogue_ms=1.68384,total_ms=16.0181
RESULT,path=transform_first,repeat=6,prep_ms=1.11604,sparse_ms=13.4351,dense_ms=2.87587,epilogue_ms=0,total_ms=17.427
RESULT,path=fused_amx,repeat=6,prep_ms=1.086,sparse_ms=32.1291,dense_ms=0,epilogue_ms=0,total_ms=33.2151
