META,n=169343,nnz=2315598,d=128,threads=8,sort_ms=9.66597,group_rows=16,variant=replay,replay_steps=4,ctiles=6,pack=kblock
ERROR,path=aggregate_first,max_abs=0.0192678,rel_l2=0.00162195
ERROR,path=fused_amx,max_abs=2.95639e-05,rel_l2=2.60339e-07
RESULT,path=aggregate_first,repeat=0,prep_ms=1.06421,sparse_ms=10.355,dense_ms=2.92383,epilogue_ms=1.69507,total_ms=16.0381
RESULT,path=transform_first,repeat=0,prep_ms=1.11699,sparse_ms=13.196,dense_ms=3.16409,epilogue_ms=0,total_ms=17.4771
RESULT,path=fused_amx,repeat=0,prep_ms=1.07312,sparse_ms=33.4221,dense_ms=0,epilogue_ms=0,total_ms=34.4952
RESULT,path=aggregate_first,repeat=1,prep_ms=1.07812,sparse_ms=10.354,dense_ms=2.91504,epilogue_ms=1.67896,total_ms=16.0261
RESULT,path=transform_first,repeat=1,prep_ms=1.11699,sparse_ms=13.249,dense_ms=2.90599,epilogue_ms=0,total_ms=17.272
RESULT,path=fused_amx,repeat=1,prep_ms=1.09005,sparse_ms=33.9271,dense_ms=0,epilogue_ms=0,total_ms=35.0171
RESULT,path=aggregate_first,repeat=2,prep_ms=1.0769,sparse_ms=10.387,dense_ms=2.89307,epilogue_ms=1.6709,total_ms=16.0278
RESULT,path=transform_first,repeat=2,prep_ms=1.11294,sparse_ms=13.2371,dense_ms=2.91505,epilogue_ms=0,total_ms=17.2651
RESULT,path=fused_amx,repeat=2,prep_ms=1.08695,sparse_ms=35.843,dense_ms=0,epilogue_ms=0,total_ms=36.9299
RESULT,path=aggregate_first,repeat=3,prep_ms=1.08813,sparse_ms=10.366,dense_ms=2.927,epilogue_ms=1.68311,total_ms=16.0642
RESULT,path=transform_first,repeat=3,prep_ms=1.12796,sparse_ms=13.2551,dense_ms=2.87889,epilogue_ms=0,total_ms=17.262
RESULT,path=fused_amx,repeat=3,prep_ms=1.0891,sparse_ms=33.5711,dense_ms=0,epilogue_ms=0,total_ms=34.6602
RESULT,path=aggregate_first,repeat=4,prep_ms=1.11084,sparse_ms=10.3711,dense_ms=2.93091,epilogue_ms=1.68896,total_ms=16.1018
RESULT,path=transform_first,repeat=4,prep_ms=1.10793,sparse_ms=13.252,dense_ms=2.89418,epilogue_ms=0,total_ms=17.2541
RESULT,path=fused_amx,repeat=4,prep_ms=1.08504,sparse_ms=35.2379,dense_ms=0,epilogue_ms=0,total_ms=36.323
RESULT,path=aggregate_first,repeat=5,prep_ms=1.07812,sparse_ms=10.3718,dense_ms=2.89209,epilogue_ms=1.67505,total_ms=16.0171
RESULT,path=transform_first,repeat=5,prep_ms=1.12081,sparse_ms=13.239,dense_ms=2.89104,epilogue_ms=0,total_ms=17.2509
RESULT,path=fused_amx,repeat=5,prep_ms=1.08099,sparse_ms=34.3393,dense_ms=0,epilogue_ms=0,total_ms=35.4202
RESULT,path=aggregate_first,repeat=6,prep_ms=1.07886,sparse_ms=10.3723,dense_ms=2.86475,epilogue_ms=1.66797,total_ms=15.9839
RESULT,path=transform_first,repeat=6,prep_ms=1.12009,sparse_ms=13.2419,dense_ms=2.89213,epilogue_ms=0,total_ms=17.2542
RESULT,path=fused_amx,repeat=6,prep_ms=1.08695,sparse_ms=33.166,dense_ms=0,epilogue_ms=0,total_ms=34.253
